
<!--
一部分是补之前的记录
-->

# 亚克力外壳安装
可能因为没撕膜的缘故，也有可能是模具误差，螺丝孔距大了0.3-0.5mm的样子，导致非常难装。
**记得撕膜** 然后 **力度不要太大，亚克力容易断不是假的**


# 启动
普通USB线，但3的话功率要求大一些（5V/2.4A），普通的USB输出可能不够。
HDMI视频输出直接接显示器。
但注意，默认是不带flash/系统的，需要刷入系统到TF卡后插入作为系统引导（才会有视频输出）。

# SD卡&刷系统
据说有兼容性问题，我用的闪迪64G的没问题，网上看到有用三星的也可以。 估计大牌的没啥问题。
raspbian下下来解压是img，而且不能用winrar打开，比较sha1确认没有损坏。
ultraISO没法刷img。 官方推荐用 Win32DiskImager，使用方式很简单，但注意只会创建系统需要的分区（raspbian的话大约几个G），后面的空间需要自行创建分区，见下面。


# 释放烧录镜像sd卡剩余空间

## 空间不够

```shell
yonka@raspberrypi:~$ df -h
Filesystem      Size  Used Avail Use% Mounted on
/dev/root       3.6G  3.4G   20M 100% /
devtmpfs        459M     0  459M   0% /dev
tmpfs           463M     0  463M   0% /dev/shm
tmpfs           463M  6.4M  457M   2% /run
tmpfs           5.0M  4.0K  5.0M   1% /run/lock
tmpfs           463M     0  463M   0% /sys/fs/cgroup
/dev/mmcblk0p1   60M   20M   41M  34% /boot
tmpfs            93M     0   93M   0% /run/user/1000
tmpfs            93M     0   93M   0% /run/user/109
tmpfs            93M     0   93M   0% /run/user/1001
root@raspberrypi:/home/yonka# fdisk -l

Disk /dev/ram0: 4 MiB, 4194304 bytes, 8192 sectors
Units: sectors of 1 * 512 = 512 bytes
Sector size (logical/physical): 512 bytes / 4096 bytes
I/O size (minimum/optimal): 4096 bytes / 4096 bytes
Disk /dev/ram1: 4 MiB, 4194304 bytes, 8192 sectors
Units: sectors of 1 * 512 = 512 bytes
Sector size (logical/physical): 512 bytes / 4096 bytes
I/O size (minimum/optimal): 4096 bytes / 4096 bytes
Disk /dev/ram2: 4 MiB, 4194304 bytes, 8192 sectors
Units: sectors of 1 * 512 = 512 bytes
Sector size (logical/physical): 512 bytes / 4096 bytes
I/O size (minimum/optimal): 4096 bytes / 4096 bytes
Disk /dev/ram3: 4 MiB, 4194304 bytes, 8192 sectors
Units: sectors of 1 * 512 = 512 bytes
Sector size (logical/physical): 512 bytes / 4096 bytes
I/O size (minimum/optimal): 4096 bytes / 4096 bytes
Disk /dev/ram4: 4 MiB, 4194304 bytes, 8192 sectors
Units: sectors of 1 * 512 = 512 bytes
Sector size (logical/physical): 512 bytes / 4096 bytes
I/O size (minimum/optimal): 4096 bytes / 4096 bytes
Disk /dev/ram5: 4 MiB, 4194304 bytes, 8192 sectors
Units: sectors of 1 * 512 = 512 bytes
Sector size (logical/physical): 512 bytes / 4096 bytes
I/O size (minimum/optimal): 4096 bytes / 4096 bytes
Disk /dev/ram6: 4 MiB, 4194304 bytes, 8192 sectors
Units: sectors of 1 * 512 = 512 bytes
Sector size (logical/physical): 512 bytes / 4096 bytes
I/O size (minimum/optimal): 4096 bytes / 4096 bytes
Disk /dev/ram7: 4 MiB, 4194304 bytes, 8192 sectors
Units: sectors of 1 * 512 = 512 bytes
Sector size (logical/physical): 512 bytes / 4096 bytes
I/O size (minimum/optimal): 4096 bytes / 4096 bytes
Disk /dev/ram8: 4 MiB, 4194304 bytes, 8192 sectors
Units: sectors of 1 * 512 = 512 bytes
Sector size (logical/physical): 512 bytes / 4096 bytes
I/O size (minimum/optimal): 4096 bytes / 4096 bytes
Disk /dev/ram9: 4 MiB, 4194304 bytes, 8192 sectors
Units: sectors of 1 * 512 = 512 bytes
Sector size (logical/physical): 512 bytes / 4096 bytes
I/O size (minimum/optimal): 4096 bytes / 4096 bytes
Disk /dev/ram10: 4 MiB, 4194304 bytes, 8192 sectors
Units: sectors of 1 * 512 = 512 bytes
Sector size (logical/physical): 512 bytes / 4096 bytes
I/O size (minimum/optimal): 4096 bytes / 4096 bytes
Disk /dev/ram11: 4 MiB, 4194304 bytes, 8192 sectors
Units: sectors of 1 * 512 = 512 bytes
Sector size (logical/physical): 512 bytes / 4096 bytes
I/O size (minimum/optimal): 4096 bytes / 4096 bytes
Disk /dev/ram12: 4 MiB, 4194304 bytes, 8192 sectors
Units: sectors of 1 * 512 = 512 bytes
Sector size (logical/physical): 512 bytes / 4096 bytes
I/O size (minimum/optimal): 4096 bytes / 4096 bytes
Disk /dev/ram13: 4 MiB, 4194304 bytes, 8192 sectors
Units: sectors of 1 * 512 = 512 bytes
Sector size (logical/physical): 512 bytes / 4096 bytes
I/O size (minimum/optimal): 4096 bytes / 4096 bytes
Disk /dev/ram14: 4 MiB, 4194304 bytes, 8192 sectors
Units: sectors of 1 * 512 = 512 bytes
Sector size (logical/physical): 512 bytes / 4096 bytes
I/O size (minimum/optimal): 4096 bytes / 4096 bytes
Disk /dev/ram15: 4 MiB, 4194304 bytes, 8192 sectors
Units: sectors of 1 * 512 = 512 bytes
Sector size (logical/physical): 512 bytes / 4096 bytes
I/O size (minimum/optimal): 4096 bytes / 4096 bytes
Disk /dev/mmcblk0: 59.5 GiB, 63864569856 bytes, 124735488 sectors
Units: sectors of 1 * 512 = 512 bytes
Sector size (logical/physical): 512 bytes / 512 bytes
I/O size (minimum/optimal): 512 bytes / 512 bytes
Disklabel type: dos
Disk identifier: 0x8f1eafaf

Device         Boot  Start     End Sectors  Size Id Type
/dev/mmcblk0p1        8192  131071  122880   60M  c W95 FAT32 (LBA)
/dev/mmcblk0p2      131072 7878655 7747584  3.7G 83 Linux

root@raspberrypi:/data# fdisk /dev/mmcblk0

Command (m for help): p

Disk /dev/mmcblk0: 59.5 GiB, 63864569856 bytes, 124735488 sectors
Units: sectors of 1 * 512 = 512 bytes
Sector size (logical/physical): 512 bytes / 512 bytes
I/O size (minimum/optimal): 512 bytes / 512 bytes
Disklabel type: dos
Disk identifier: 0x14d73abf

Device         Boot   Start       End   Sectors  Size Id Type
/dev/mmcblk0p1         8192    131071    122880   60M  c W95 FAT32 (LBA)
/dev/mmcblk0p2       131072   7878655   7747584  3.7G 83 Linux

```

## 用parted（fdisk也可以）添加分区

```shell
root@raspberrypi:/home/yonka# parted
GNU Parted 3.2
Using /dev/mmcblk0
Welcome to GNU Parted! Type 'help' to view a list of commands.


(parted) help
  align-check TYPE N                        check partition N for TYPE(min|opt)
        alignment
  help [COMMAND]                           print general help, or help on
        COMMAND
  mklabel,mktable LABEL-TYPE               create a new disklabel (partition
        table)
  mkpart PART-TYPE [FS-TYPE] START END     make a partition
  name NUMBER NAME                         name partition NUMBER as NAME
  print [devices|free|list,all|NUMBER]     display the partition table,
        available devices, free space, all found partitions, or a particular
        partition
  quit                                     exit program
  rescue START END                         rescue a lost partition near START
        and END
  resizepart NUMBER END                    resize partition NUMBER
  rm NUMBER                                delete partition NUMBER
  select DEVICE                            choose the device to edit
  disk_set FLAG STATE                      change the FLAG on selected device
  disk_toggle [FLAG]                       toggle the state of FLAG on selected
        device
  set NUMBER FLAG STATE                    change the FLAG on partition NUMBER
  toggle [NUMBER [FLAG]]                   toggle the state of FLAG on partition
        NUMBER
  unit UNIT                                set the default unit to UNIT
  version                                  display the version number and
        copyright information of GNU Parted
(parted) print
Model: SD SL64G (sd/mmc)
Disk /dev/mmcblk0: 63.9GB
Sector size (logical/physical): 512B/512B
Partition Table: msdos
Disk Flags:

Number  Start   End     Size    Type     File system  Flags
 1      4194kB  67.1MB  62.9MB  primary  fat16        lba
 2      67.1MB  4034MB  3967MB  primary  ext4

(parted) select /dev/mmcblk0
Using /dev/mmcblk0

(parted) help mkpart
  mkpart PART-TYPE [FS-TYPE] START END     make a partition

        PART-TYPE is one of: primary, logical, extended
        FS-TYPE is one of: zfs, btrfs, nilfs2, ext4, ext3, ext2, fat32, fat16,
        hfsx, hfs+, hfs, jfs, swsusp, linux-swap(v1), linux-swap(v0), ntfs,
        reiserfs, freebsd-ufs, hp-ufs, sun-ufs, xfs, apfs2, apfs1, asfs, amufs5,
        amufs4, amufs3, amufs2, amufs1, amufs0, amufs, affs7, affs6, affs5,
        affs4, affs3, affs2, affs1, affs0, linux-swap, linux-swap(new),
        linux-swap(old)
        START and END are disk locations, such as 4GB or 10%.  Negative values
        count from the end of the disk.  For example, -1s specifies exactly the
        last sector.

        'mkpart' makes a partition without creating a new file system on the
        partition.  FS-TYPE may be specified to set an appropriate partition
        ID.
(parted) mkpart primary ext4 4034MB -1s

(parted) print
Model: SD SL64G (sd/mmc)
Disk /dev/mmcblk0: 63.9GB
Sector size (logical/physical): 512B/512B
Partition Table: msdos
Disk Flags:

Number  Start   End     Size    Type     File system  Flags
 1      4194kB  67.1MB  62.9MB  primary  fat16        lba
 2      67.1MB  4034MB  3967MB  primary  ext4
 3      4034MB  63.9GB  59.8GB  primary  ext4         lba

(parted) quit
Information: You may need to update /etc/fstab.

```

## 更新分区表(添加新的一行，mmcblk0p3)

```shell
root@raspberrypi:/data# cat /etc/fstab
proc            /proc           proc    defaults          0       0
/dev/mmcblk0p1  /boot           vfat    defaults          0       2
/dev/mmcblk0p2  /               ext4    defaults,noatime  0       1
/dev/mmcblk0p3  /data               ext4    defaults,noatime  0       1
# a swapfile is not a swap partition, no line here
#   use  dphys-swapfile swap[on|off]  for that
```

## 创建挂载目录

```shell
mkdir /data
```

## 创建文件系统

```shell
root@raspberrypi:/home/yonka# mkfs.ext4 /dev/mmcblk0p3
mke2fs 1.42.12 (29-Aug-2014)
Discarding device blocks: done
Creating filesystem with 14607104 4k blocks and 3653632 inodes
Filesystem UUID: 99c0cdcd-a74b-43bd-ba0e-c76c4f96d2c7
Superblock backups stored on blocks:
        32768, 98304, 163840, 229376, 294912, 819200, 884736, 1605632, 2654208,
        4096000, 7962624, 11239424

Allocating group tables: done
Writing inode tables: done
Creating journal (32768 blocks): done
Writing superblocks and filesystem accounting information: done

```

> 如果不创建而是直接mount -a的话会报错

```shell
root@raspberrypi:/home/yonka# mount -a
mount: mount point /data does not exist
root@raspberrypi:/home/yonka# mkdir /data
root@raspberrypi:/home/yonka# mount -a
mount: wrong fs type, bad option, bad superblock on /dev/mmcblk0p3,
       missing codepage or helper program, or other error

       In some cases useful info is found in syslog - try
       dmesg | tail or so.
root@raspberrypi:/home/yonka# dmesg | tail
[   13.810382] Bluetooth: HCI UART protocol H4 registered
[   13.810387] Bluetooth: HCI UART protocol Three-wire (H5) registered
[   13.810392] Bluetooth: HCI UART protocol BCM registered
[   14.098474] Bluetooth: BNEP (Ethernet Emulation) ver 1.3
[   14.098494] Bluetooth: BNEP filters: protocol multicast
[   14.098516] Bluetooth: BNEP socket layer initialized
[   94.330996] ip_tables: (C) 2000-2006 Netfilter Core Team
[ 1907.010728] usb 1-1.2: USB disconnect, device number 4
[ 1987.149406] usb 1-1.3: USB disconnect, device number 5
[ 3175.665804] EXT4-fs (mmcblk0p3): VFS: Can't find ext4 filesystem
```

## reload分区表

```shell
root@raspberrypi:/home/yonka# mount -a
```


# user bashrc读取

```
.bash_profile - .bashrc - .yonkarc
```
