
# linux swap分区与挂载

## swap分区查看
* df命令查看
```
df -hT
Filesystem     Type      Size  Used Avail Use% Mounted on
/dev/md0       xfs        20G  2.2G   17G  12% /
udev           devtmpfs   10M     0   10M   0% /dev
tmpfs          tmpfs      26G  818M   25G   4% /run
tmpfs          tmpfs      63G     0   63G   0% /dev/shm
tmpfs          tmpfs     5.0M     0  5.0M   0% /run/lock
tmpfs          tmpfs      63G     0   63G   0% /sys/fs/cgroup
/dev/sdc       xfs       5.5T  164G  5.3T   3% /mnt/storage00
/dev/sdd       xfs       5.5T  150G  5.4T   3% /mnt/storage01
/dev/sde       xfs       5.5T  951G  4.6T  18% /mnt/storage02
/dev/sdf       xfs       5.5T  885G  4.6T  16% /mnt/storage03
/dev/sdg       xfs       5.5T  412M  5.5T   1% /mnt/storage04
/dev/sdh       xfs       5.5T   33M  5.5T   1% /mnt/storage05
/dev/sdi       xfs       5.5T   34G  5.5T   1% /mnt/storage06
/dev/sdj       xfs       5.5T   33M  5.5T   1% /mnt/storage07
/dev/sdk       xfs       5.5T   18G  5.5T   1% /mnt/storage08
/dev/sdl       xfs       5.5T   36G  5.5T   1% /mnt/storage09
/dev/sdm       xfs       5.5T  873M  5.5T   1% /mnt/storage10
/dev/sdn       xfs       5.5T  9.0G  5.5T   1% /mnt/storage11
tmpfs          tmpfs      13G     0   13G   0% /run/user/0
```
* fstab查看
```
cat /etc/fstab 
# /etc/fstab: static file system information.
#
# Use 'blkid' to print the universally unique identifier for a
# device; this may be used with UUID= as a more robust way to name devices
# that works even if disks are added and removed. See fstab(5).
#
# <file system> <mount point>   <type>  <options>       <dump>  <pass>
# / was on /dev/md0 during installation
UUID=622253b9-6fa4-4e4e-b5c9-95e49eb8b4b8 /               xfs     defaults        0       1
# swap was on /dev/md1 during installation
UUID=aefd2593-acc4-4bcf-91ca-9416cf1971c2 none            swap    sw              0       0
/dev/sr0        /media/cdrom0   udf,iso9660 user,noauto     0       0
UUID="79b6edc8-77bf-45d9-8bc5-483866dd138c"    /mnt/storage00  xfs defaults,noatime,nodiratime 0 0  #sdc
UUID="75878eb9-0812-49a3-9647-4d7f79737fad"    /mnt/storage01  xfs defaults,noatime,nodiratime 0 0  #sdd
UUID="40dec11d-adf5-4d99-9e8f-d4e017bda1aa"    /mnt/storage02  xfs defaults,noatime,nodiratime 0 0  #sde
UUID="5fd6cb39-c8d6-4aa9-a851-b5d3bb6685d2"    /mnt/storage03  xfs defaults,noatime,nodiratime 0 0  #sdf
UUID="caabdb95-75a7-4bfe-97d4-0a19fa8ffe7a"    /mnt/storage04  xfs defaults,noatime,nodiratime 0 0  #sdg
UUID="f767df58-a9a5-46b2-8f13-5c22f188b550"    /mnt/storage05  xfs defaults,noatime,nodiratime 0 0  #sdh
UUID="59efae97-1519-4135-8915-ce3e03f941b4"    /mnt/storage06  xfs defaults,noatime,nodiratime 0 0  #sdi
UUID="e6ea543f-5910-46fa-b203-054ff667bea8"    /mnt/storage07  xfs defaults,noatime,nodiratime 0 0  #sdj
UUID="c2675179-4731-4676-91fe-82399c747799"    /mnt/storage08  xfs defaults,noatime,nodiratime 0 0  #sdk
UUID="c3d3b5b8-8753-42ac-bd55-786a68ac2992"    /mnt/storage09  xfs defaults,noatime,nodiratime 0 0  #sdl
UUID="754ba080-6431-4d57-8226-12c521ca9c27"    /mnt/storage10  xfs defaults,noatime,nodiratime 0 0  #sdm
UUID="2b04807f-01ce-4e46-a5ef-6f946902c973"    /mnt/storage11  xfs defaults,noatime,nodiratime 0 0  #sdn
```
* mount查看
```
mount
sysfs on /sys type sysfs (rw,nosuid,nodev,noexec,relatime)
proc on /proc type proc (rw,nosuid,nodev,noexec,relatime)
udev on /dev type devtmpfs (rw,relatime,size=10240k,nr_inodes=16484329,mode=755)
devpts on /dev/pts type devpts (rw,nosuid,noexec,relatime,gid=5,mode=620,ptmxmode=000)
tmpfs on /run type tmpfs (rw,nosuid,relatime,size=26378736k,mode=755)
/dev/md0 on / type xfs (rw,relatime,attr2,inode64,noquota)
securityfs on /sys/kernel/security type securityfs (rw,nosuid,nodev,noexec,relatime)
tmpfs on /dev/shm type tmpfs (rw,nosuid,nodev)
tmpfs on /run/lock type tmpfs (rw,nosuid,nodev,noexec,relatime,size=5120k)
tmpfs on /sys/fs/cgroup type tmpfs (ro,nosuid,nodev,noexec,mode=755)
cgroup on /sys/fs/cgroup/systemd type cgroup (rw,nosuid,nodev,noexec,relatime,xattr,release_agent=/lib/systemd/systemd-cgroups-agent,name=systemd)
pstore on /sys/fs/pstore type pstore (rw,nosuid,nodev,noexec,relatime)
cgroup on /sys/fs/cgroup/cpuset type cgroup (rw,nosuid,nodev,noexec,relatime,cpuset)
cgroup on /sys/fs/cgroup/cpu,cpuacct type cgroup (rw,nosuid,nodev,noexec,relatime,cpu,cpuacct)
cgroup on /sys/fs/cgroup/memory type cgroup (rw,nosuid,nodev,noexec,relatime,memory)
cgroup on /sys/fs/cgroup/devices type cgroup (rw,nosuid,nodev,noexec,relatime,devices)
cgroup on /sys/fs/cgroup/freezer type cgroup (rw,nosuid,nodev,noexec,relatime,freezer)
cgroup on /sys/fs/cgroup/net_cls,net_prio type cgroup (rw,nosuid,nodev,noexec,relatime,net_cls,net_prio)
cgroup on /sys/fs/cgroup/blkio type cgroup (rw,nosuid,nodev,noexec,relatime,blkio)
cgroup on /sys/fs/cgroup/perf_event type cgroup (rw,nosuid,nodev,noexec,relatime,perf_event)
systemd-1 on /proc/sys/fs/binfmt_misc type autofs (rw,relatime,fd=22,pgrp=1,timeout=300,minproto=5,maxproto=5,direct)
debugfs on /sys/kernel/debug type debugfs (rw,relatime)
mqueue on /dev/mqueue type mqueue (rw,relatime)
hugetlbfs on /dev/hugepages type hugetlbfs (rw,relatime)
binfmt_misc on /proc/sys/fs/binfmt_misc type binfmt_misc (rw,relatime)
/dev/sdc on /mnt/storage00 type xfs (rw,noatime,nodiratime,attr2,inode64,noquota)
/dev/sdd on /mnt/storage01 type xfs (rw,noatime,nodiratime,attr2,inode64,noquota)
/dev/sde on /mnt/storage02 type xfs (rw,noatime,nodiratime,attr2,inode64,noquota)
/dev/sdf on /mnt/storage03 type xfs (rw,noatime,nodiratime,attr2,inode64,noquota)
/dev/sdg on /mnt/storage04 type xfs (rw,noatime,nodiratime,attr2,inode64,noquota)
/dev/sdh on /mnt/storage05 type xfs (rw,noatime,nodiratime,attr2,inode64,noquota)
/dev/sdi on /mnt/storage06 type xfs (rw,noatime,nodiratime,attr2,inode64,noquota)
/dev/sdj on /mnt/storage07 type xfs (rw,noatime,nodiratime,attr2,inode64,noquota)
/dev/sdk on /mnt/storage08 type xfs (rw,noatime,nodiratime,attr2,inode64,noquota)
/dev/sdl on /mnt/storage09 type xfs (rw,noatime,nodiratime,attr2,inode64,noquota)
/dev/sdm on /mnt/storage10 type xfs (rw,noatime,nodiratime,attr2,inode64,noquota)
/dev/sdn on /mnt/storage11 type xfs (rw,noatime,nodiratime,attr2,inode64,noquota)
tmpfs on /run/user/0 type tmpfs (rw,nosuid,nodev,relatime,size=13189368k,mode=700)
```

可以看到：
> swap分区在安装时（分区好并且）指定
> swap分区并没有通过fstab进行挂载，但确实有使用

## swap分区使用查看
* top命令查看swap
```
top - 11:17:59 up 84 days, 10:28,  1 user,  load average: 5.07, 5.23, 5.16
Tasks: 395 total,   6 running, 389 sleeping,   0 stopped,   0 zombie
%Cpu(s): 12.7 us,  1.4 sy,  0.0 ni, 80.8 id,  2.9 wa,  0.0 hi,  2.2 si,  0.0 st
KiB Mem:  13189366+total, 13147719+used,   416476 free,        0 buffers
KiB Swap: 10280956 total,     8496 used, 10272460 free. 95081632 cached Mem
```
* free命令查看swap
```
free -m
             total       used       free     shared    buffers     cached
Mem:        128802     128413        388        818          0      92869
-/+ buffers/cache:      35544      93258
Swap:        10039          8      10031
```
* /proc/meminfo查看swap
```
cat /proc/meminfo 
MemTotal:       131893668 kB
MemFree:          486696 kB
MemAvailable:   99240340 kB
Buffers:               0 kB
Cached:         95009460 kB
SwapCached:          668 kB
Active:         75297188 kB
Inactive:       50044336 kB
Active(anon):   28284580 kB
Inactive(anon):  2886480 kB
Active(file):   47012608 kB
Inactive(file): 47157856 kB
Unevictable:          32 kB
Mlocked:              32 kB
SwapTotal:      10280956 kB
SwapFree:       10272460 kB
Dirty:             33360 kB
Writeback:         50300 kB
AnonPages:      30332864 kB
Mapped:            65560 kB
Shmem:            837828 kB
Slab:            4927940 kB
SReclaimable:    4828880 kB
SUnreclaim:        99060 kB
KernelStack:       57552 kB
PageTables:        80368 kB
NFS_Unstable:          0 kB
Bounce:                0 kB
WritebackTmp:          0 kB
CommitLimit:    76227788 kB
Committed_AS:   58146388 kB
VmallocTotal:   34359738367 kB
VmallocUsed:      512916 kB
VmallocChunk:   34292069144 kB
HardwareCorrupted:     0 kB
AnonHugePages:         0 kB
HugePages_Total:       0
HugePages_Free:        0
HugePages_Rsvd:        0
HugePages_Surp:        0
Hugepagesize:       2048 kB
DirectMap4k:      120704 kB
DirectMap2M:     4710400 kB
DirectMap1G:    131072000 kB
```
* /proc/swaps查看
```
cat /proc/swaps 
Filename                                Type            Size    Used    Priority
/dev/md1                                partition       10280956        8496    -1
```
* swapon --show查看
```
swapon --show
NAME     TYPE      SIZE USED PRIO
/dev/md1 partition 9.8G 8.3M   -1
```
可以看到：
> 在内存很充裕的时候，swap分区还是使用了一点点（8M），可能与内核机制有关吧

## 相关问题

### 为什么内存足够时还是使用了一些swap？
```
It is normal for Linux systems to use some swap even if there is still RAM free. The Linux kernel will move to swap memory pages that are very seldom used (e.g., the getty instances when you only use X11, and some other inactive daemon).

Swap space usage becomes an issue only when there is not enough RAM available, and the kernel is forced to continuously move memory pages to swap and back to RAM, just to keep applications running. In this case, system monitor applications would show a lot of disk I/O activity.
```

这里解释的是内核行为，而其实还有 `/proc/sys/vm/swappiness` 控制正常情况下的swap使用
```
/proc/sys/vm/swappiness 
0
```

解释：
> Ubuntu system comes with a default of 60, meaning that the swap file will be used fairly often if the memory usage is around half of my RAM.
> ref: [How do I configure swappiness?](http://askubuntu.com/questions/103915/how-do-i-configure-swappiness)

## linux swap分区挂载
A swap partition can be created with most GNU/Linux partitioning tools. Swap partitions are typically designated as type 82. Even though it is possible to use any partition type as swap, it is recommended to use type 82 in most cases since systemd will automatically detect it and mount it

```shell
# To set up a partition as Linux swap area
mkswap /dev/sda2  # Warning: All data on the specified partition will be lost.
# To enable the device for paging
swapon /dev/sda2
# To enable this swap partition on boot, add an entry to fstab(/etc/fstab)
/dev/sda2 none swap defaults 0 0  # Adding an entry to fstab is optional in most cases with systemd. If using an SSD with TRIM support, consider using defaults,discard in the swap line in fstab. If activating swap manually with swapon, using the -d or --discard parameter achieves the same. See man 8 swapon for details. Warning: Enabling discard on RAID setups using mdadm will cause system lockup on boot and during runtime, if using swapon.

# To deactivate specific swap space
swapoff /dev/sda2
```

> swap分区一般使用类型id `82`

### systemd激活swap分区
**systemd会自动检测swap分区，所以/etc/fstab中的挂载swap的条目为可选**
systemd activates swap partitions based on two different mechanisms. Both are executables in /usr/lib/systemd/system-generators. The generators are run on start-up and create native systemd units for mounts. The first, systemd-fstab-generator, reads the fstab to generate units, including a unit for swap. The second, systemd-gpt-auto-generator inspects the root disk to generate units. It operates on GPT disks only, and can identify swap partitions by their type code 82.
This can be solved by one of the following options:
* Removing the swap entry from /etc/fstab
* Changing the swap partition's type code from 82 to an arbitrary type code
* Setting the attribute of the swap partition to "63: do not automount"

# virt, res, swap 的含义和关系
见top的输出：
```
KiB Mem:  13189366+total, 13147719+used,   416476 free,        0 buffers
KiB Swap: 10280956 total,     8496 used, 10272460 free. 95081632 cached Mem

  PID USER      PR  NI    VIRT    RES    SHR S  %CPU %MEM     TIME+ COMMAND                                                                                                                                                                 
 8094 nobody    20   0 35.540g 0.014t   6892 S  38.7 11.7   3950:43 java                                                                                                                                                                    
10182 nobody    20   0 27.092g 3.338g   7948 S   8.9  2.7   1385:34 java
```

* `res` resident，常驻（内存），也即实际使用的物理内存
* `virt` 虚拟内存（地址空间）
> The total amount of virtual memory used by the task.  It includes all code, data and shared libraries plus pages that have been swapped out and pages that have been mapped but not used.
* `swap` The non-resident portion of a task's address space. 也即该任务的地址空间里非常驻部分（也即不在物理内存中的部分）

其他解释：
```
VIRT stands for the virtual size of a process, which is the sum of memory it is actually using, memory it has mapped into itself (for instance the video card’s RAM for the X server), files on disk that have been mapped into it (most notably shared libraries), and memory shared with other processes. VIRT represents how much memory the program is able to access at the present moment.

RES stands for the resident size, which is an accurate representation of how much actual physical memory a process is consuming. (This also corresponds directly to the %MEM column.) This will virtually always be less than the VIRT size, since most programs depend on the C library.

SHR indicates how much of the VIRT size is actually sharable (memory or libraries). In the case of libraries, it does not necessarily mean that the entire library is resident. For example, if a program only uses a few functions in a library, the whole library is mapped and will be counted in VIRT and SHR, but only the parts of the library file containing the functions being used will actually be loaded in and be counted under RES.
```

## virt内存介绍

virt包括：
* 代码段
* 数据段
* 使用的共享（动态）库
* map的文件
* （进程间的）共享内存

### virt为什么小于res
* 共享库被多次map，并不额外计入res
* map的文件并不计入res
* 部分页可能被换到swap（少数情况）

> 注意，在fork后的特殊情况下，父子进程都会有一定大小的RES，但实际占用物理内存只有一份。 也即RES之和并不绝对等于物理内存使用之和。

### 通过vmstat查看virt

```
vmstat  -n 1
procs -----------memory---------- ---swap-- -----io---- -system-- ------cpu-----
 r  b   swpd   free   buff  cache   si   so    bi    bo   in   cs us sy id wa st
 7  0   8496 360588      0 95315656    0    0   441   408    0    0  9  2 89  0  0
 3  0   8496 357732      0 95320584    0    0 41728    56 248205 52707 14  3 82  0  0
 3  0   8496 364800      0 95313960    0    0 41088     8 242215 52113 15  3 82  0  0
 4  0   8496 434284      0 95245624    0    0 41216 37954 248392 54146 15  3 82  0  0
 5  1   8496 416064      0 95260200    0    0 22144 143376 245401 52933 13  3 81  2  0
 4  1   8496 396196      0 95283808    0    0 25600 80288 245245 52423 13  3 80  3  0
 3  1   8496 414488      0 95261440    0    0 24320 261692 249565 54084 14  3 78  5  0
 7  0   8496 394476      0 95277664    0    0 37376    32 241087 51640 14  3 82  0  0
 4  0   8496 404344      0 95269488    0    0 42240     0 248399 61520 15  3 82  0  0
 6  0   8496 415992      0 95257376    0    0 39808     0 241195 52906 15  4 82  0  0
```

# lua取table的长度length/size

* 对于不含空洞的数组部分： `getn`/`#`
```
local len = #t

-- or

local len = table.getn(t)
```
 * 对于含空洞的数组，或者含有map部分的table： 遍历计数
```lua
function tablelength(T)
  local count = 0
  for _ in pairs(T) do count = count + 1 end
  return count
end
```

# Lua5.1中数学库的所有函数
> ref: [Lua中的数学库](http://www.cnblogs.com/whiteyun/archive/2009/08/10/1543040.html)

Lua5.1中数学库的所有函数如下表：

math.pi 为圆周率常量 = 3.14159265358979323846

| 函数名 | 解释 | 样例 | 值 |
| :--- | :--- | :--- | :--- |
| abs | 取绝对值 | math.abs(-15) | 15 |
| acos | 反余弦函数 | math.acos(0.5) | 1.04719755 |
| asin | 反正弦函数 | math.asin(0.5) | 0.52359877 |
| atan2 | x / y的反正切值 | math.atan2(90.0, 45.0) | 1.10714871 |
| atan | 反正切函数 | math.atan(0.5) | 0.463647609 |
| ceil | 不小于x的最大整数 | math.ceil(5.8) | 6 |
| cosh | 双曲线余弦函数 | math.cosh(0.5) | 1.276259652 |
| cos | 余弦函数 | math.cos(0.5) | 0.87758256 |
| deg | 弧度转角度 | math.deg(math.pi) | 180 |
| exp | 计算以e为底x次方值 | math.exp(2) | 2.718281828 |
| floor | 不大于x的最大整数 | math.floor(5.6) | 5 |
| fmod （mod） | 取模运算 | math.mod(14, 5) | 4 |
| frexp | 把双精度数val分解为数字部分（尾数）和以2为底的指数n，即val=x*2n | math.frexp(10.0) | 0.625    4 |
| ldexp | 计算value * 2的n次方 | math.ldexp(10.0, 3) | 80 = 10 * (2 ^3) |
| log10 | 计算以10为基数的对数 | math.log10(100) | 2 |
| log | 计算一个数字的自然对数 | math.log(2.71) | 0.9969 |
| max | 取得参数中最大值 | math.max(2.71, 100, -98, 23) | 100 |
| min | 取得参数中最小值 | math.min(2.71, 100, -98, 23) | -98 |
| modf | 把数分为整数和小数 | math.modf(15.98) | 15    98 |
| pow | 得到x的y次方 | math.pow(2, 5) | 32 |
| rad | 角度转弧度 | math.rad(180) | 3.14159265358 |
| random | 获取随机数 | math.random(1, 100) / math.random(100) | 获取1-100的随机数 |
| randomseed | 设置随机数种子 | math.randomseed(os.time()) | 在使用math.random函数之前必须使用此函数设置随机数种子 |
| sinh | 双曲线正弦函数 | math.sinh(0.5) | 0.5210953 |
| sin | 正弦函数 | math.sin(math.rad(30)) | 0.5 |
| sqrt | 开平方函数 | math.sqrt(16) | 4 |
| tanh | 双曲线正切函数 | math.tanh(0.5) | 0.46211715 |
| tan | 正切函数 | math.tan(0.5) | 0.5463024 |
